<html>
<body>
<pre>
<h1>µVision Build Log</h1>
<h2>Tool Versions:</h2>
IDE-Version: µVision V5.28.0.0
Copyright (C) 2019 ARM Ltd and ARM Germany GmbH. All rights reserved.
License Information: Student Student Loughborough University Flex license: MDK Professional 5.28 (Flex) (mdk_pro) Operation stops: 6 Oct 2024
 
Tool Versions:
Toolchain:       MDK Professional 5.28 (Flex)  Version: 5.28.0.0
Toolchain Path:  C:\KEIL_V5\ARM\ARMCC\Bin
C Compiler:      Armcc.exe V5.06 update 6 (build 750)
Assembler:       Armasm.exe V5.06 update 6 (build 750)
Linker/Locator:  ArmLink.exe V5.06 update 6 (build 750)
Library Manager: ArmAr.exe V5.06 update 6 (build 750)
Hex Converter:   FromElf.exe V5.06 update 6 (build 750)
CPU DLL:         SARMCM3.DLL V5.28.0.0
Dialog DLL:      DCM.DLL V1.17.3.0
Target DLL:      STLink\ST-LINKIII-KEIL_SWO.dll V3.0.6.0
Dialog DLL:      TCM.DLL V1.36.2.0
 
<h2>Project:</h2>
C:\Users\elch2\OneDrive - Loughborough University\Interfacing\GithubProject\WSC055 Lab1.uvprojx
Project File Date:  05/20/2022

<h2>Output:</h2>
*** Using Compiler 'V5.06 update 6 (build 750)', folder: 'C:\KEIL_V5\ARM\ARMCC\Bin'
Rebuild target 'Target 1'
assembling startup_stm32f303xc.s...
compiling system_stm32f3xx.c...
compiling main.c...
main.c(22): warning:  #1295-D: Deprecated declaration configure_dac - give arg types
  void configure_dac();
main.c(23): warning:  #1295-D: Deprecated declaration configure_timer_3 - give arg types
  void configure_timer_3();
main.c(24): warning:  #1295-D: Deprecated declaration configure_timer_2 - give arg types
  void configure_timer_2();
main.c(25): warning:  #1295-D: Deprecated declaration configure_leds - give arg types
  void configure_leds();
main.c(26): warning:  #1295-D: Deprecated declaration configure_adc - give arg types
  void configure_adc();
main.c(27): warning:  #1295-D: Deprecated declaration delay_ten_microseconds - give arg types
  void delay_ten_microseconds();
main.c(28): warning:  #1295-D: Deprecated declaration convert_potentiometer_signal - give arg types
  void convert_potentiometer_signal();
main.c(30): warning:  #1295-D: Deprecated declaration update_dac_output - give arg types
  void update_dac_output();
main.c(31): warning:  #1295-D: Deprecated declaration setup_button_interrupt - give arg types
  void setup_button_interrupt();
main.c: 9 warnings, 0 errors
linking...
Program Size: Code=1400 RO-data=436 RW-data=12 ZI-data=1636  
".\Objects\WSC055 Lab1.axf" - 0 Error(s), 9 Warning(s).

<h2>Software Packages used:</h2>

Package Vendor: Keil
                http://www.keil.com/pack/Keil.STM32F3xx_DFP.2.2.2.pack
                Keil.STM32F3xx_DFP.2.2.2
                STMicroelectronics STM32F3 Series Device Support and Examples

<h2>Collection of Component include folders:</h2>
  .\RTE\_Target_1
  C:\KEIL_V5\ARM\Keil\STM32F3xx_DFP\2.2.2\Drivers\CMSIS\Device\ST\STM32F3xx\Include

<h2>Collection of Component Files used:</h2>
Build Time Elapsed:  00:00:02
</pre>
</body>
</html>
