<html>
<body>
<pre>
<h1>µVision Build Log</h1>
<h2>Tool Versions:</h2>
IDE-Version: µVision V5.28.0.0
Copyright (C) 2019 ARM Ltd and ARM Germany GmbH. All rights reserved.
License Information: Student Student Loughborough University Flex license: MDK Professional 5.28 (Flex) (mdk_pro) Operation stops: 6 Oct 2024
 
Tool Versions:
Toolchain:       MDK Professional 5.28 (Flex)  Version: 5.28.0.0
Toolchain Path:  C:\KEIL_V5\ARM\ARMCC\Bin
C Compiler:      Armcc.exe V5.06 update 6 (build 750)
Assembler:       Armasm.exe V5.06 update 6 (build 750)
Linker/Locator:  ArmLink.exe V5.06 update 6 (build 750)
Library Manager: ArmAr.exe V5.06 update 6 (build 750)
Hex Converter:   FromElf.exe V5.06 update 6 (build 750)
CPU DLL:         SARMCM3.DLL V5.28.0.0
Dialog DLL:      DCM.DLL V1.17.3.0
Target DLL:      STLink\ST-LINKIII-KEIL_SWO.dll V3.0.6.0
Dialog DLL:      TCM.DLL V1.36.2.0
 
<h2>Project:</h2>
C:\Users\elch2\OneDrive - Loughborough University\Interfacing\GithubProject\WSC055 Lab1.uvprojx
Project File Date:  05/18/2022

<h2>Output:</h2>
*** Using Compiler 'V5.06 update 6 (build 750)', folder: 'C:\KEIL_V5\ARM\ARMCC\Bin'
Rebuild target 'Target 1'
assembling startup_stm32f303xc.s...
compiling system_stm32f3xx.c...
compiling main.c...
main.c(18): warning:  #1295-D: Deprecated declaration setup_timer_3 - give arg types
  void setup_timer_3();
main.c(19): warning:  #1295-D: Deprecated declaration setup_port_e - give arg types
  void setup_port_e();
main.c(20): warning:  #1295-D: Deprecated declaration setup_button_interrupt - give arg types
  void setup_button_interrupt();
main.c(21): warning:  #1295-D: Deprecated declaration setup_pe_7_and_8_interrupt - give arg types
  void setup_pe_7_and_8_interrupt();
main.c(22): warning:  #1295-D: Deprecated declaration increment_counter - give arg types
  void increment_counter();
main.c(23): warning:  #1295-D: Deprecated declaration decrement_counter - give arg types
  void decrement_counter();
main.c(24): warning:  #1295-D: Deprecated declaration set_counter - give arg types
  void set_counter();
main.c(157): warning:  #188-D: enumerated type mixed with another type
  		clockwise = !clockwise;
main.c: 8 warnings, 0 errors
linking...
Program Size: Code=1296 RO-data=488 RW-data=12 ZI-data=1636  
".\Objects\WSC055 Lab1.axf" - 0 Error(s), 8 Warning(s).

<h2>Software Packages used:</h2>

Package Vendor: Keil
                http://www.keil.com/pack/Keil.STM32F3xx_DFP.1.4.0.pack
                Keil.STM32F3xx_DFP.1.4.0
                STMicroelectronics STM32F3 Series Device Support and Examples

<h2>Collection of Component include folders:</h2>
  .\RTE\_Target_1
  C:\KEIL_V5\ARM\Keil\STM32F3xx_DFP\1.4.0\Device\Include

<h2>Collection of Component Files used:</h2>
Build Time Elapsed:  00:00:02
</pre>
</body>
</html>
